/*C50*/SET SCHEMA PUBLIC
DISCONNECT
/*C51*/SET SCHEMA PUBLIC
DISCONNECT
/*C52*/SET SCHEMA PUBLIC
DISCONNECT
/*C53*/SET SCHEMA PUBLIC
DISCONNECT
/*C54*/SET SCHEMA PUBLIC
INSERT INTO FUNCIONARIOS VALUES(3,'teste3','2022-11-01',3333.0E0,'teste3@teste')
COMMIT
DELETE FROM FUNCIONARIOS WHERE RE=1
INSERT INTO FUNCIONARIOS VALUES(1,'teste1','2024-03-10',4444.0E0,'teste1@teste')
COMMIT
DELETE FROM FUNCIONARIOS WHERE RE=2
INSERT INTO FUNCIONARIOS VALUES(2,'teste2','2022-10-27',7777.0E0,'teste20@teste')
COMMIT
DELETE FROM FUNCIONARIOS WHERE RE=2
COMMIT
/*C55*/SET SCHEMA PUBLIC
DISCONNECT
/*C54*/DISCONNECT
